
=========================================
Processing OpenAI
=========================================
Signals found: 60
Running Hypothesis Engine in chunks to test State Awareness...
Running Watchlist Scorer...
Correlations generated: 0
Hypotheses generated: 3
  - OpenAI faces increased regulatory scrutiny and potential reputational damage (Conf: 0.55, Status: ACTIVE)
  - OpenAI faces increased competition from Anthropic and potential price war (Conf: 0.6, Status: ACTIVE)
  - OpenAI expands its capabilities through acquisitions (Conf: 0.5, Status: ACTIVE)
Database rows -> Evaluations: 0, Snapshots: 3

=========================================
Processing accenture
=========================================
Signals found: 60
Running Hypothesis Engine in chunks to test State Awareness...
Running Watchlist Scorer...
Correlations generated: 0
Hypotheses generated: 0
Database rows -> Evaluations: 0, Snapshots: 0

=========================================
Processing Razorpay
=========================================
Signals found: 60
Running Hypothesis Engine in chunks to test State Awareness...
Running Watchlist Scorer...
Correlations generated: 0
Hypotheses generated: 0
Database rows -> Evaluations: 0, Snapshots: 0


=== FINAL ANALYSIS ===
Strongest Hypothesis: OpenAI faces increased competition from Anthropic and potential price war (OpenAI) - Conf: 0.6
Weakest Hypothesis: OpenAI expands its capabilities through acquisitions (OpenAI) - Conf: 0.5
Highest Forecasting Confidence Company: OpenAI (Avg Conf: 0.55)
